---
source: compiler-core/src/wasm.rs
expression: "std::str::from_utf8(&out).unwrap()"
---
(module
  (type $logFuncSig (func (param i32)))
  (func $get_magic_number (result i64)
    i64.const 10
    i64.const 5
    i64.add)
  (func $add (param $arg_1 i32) (param $arg_2 i32) (result i64)
    local.get $arg_1
    local.get $arg_2
    i64.add)
  (export "add" (func $add)))
