---
source: src/tokeniser.rs
expression: tokens
---
[
    Ok(
        Name(
            "my_first_string",
        ),
    ),
    Ok(
        Equals,
    ),
    Ok(
        Constant(
            Str(
                "hello",
            ),
        ),
    ),
    Ok(
        Name(
            "string_with_multiple_words",
        ),
    ),
    Ok(
        Equals,
    ),
    Ok(
        Constant(
            Str(
                "lots of words here",
            ),
        ),
    ),
    Ok(
        Name(
            "empty_string",
        ),
    ),
    Ok(
        Equals,
    ),
    Ok(
        Constant(
            Str(
                "",
            ),
        ),
    ),
    Ok(
        Name(
            "multiline_string",
        ),
    ),
    Ok(
        Equals,
    ),
    Ok(
        Constant(
            Str(
                "this baby\ngoes over\n\nmultiple lines.\n",
            ),
        ),
    ),
]
